stm32f7xx_hal_msp.c:67:6:HAL_MspInit	8	static
stm32f7xx_hal_msp.c:91:6:HAL_CRC_MspInit	8	static
stm32f7xx_hal_msp.c:113:6:HAL_CRC_MspDeInit	0	static
stm32f7xx_hal_msp.c:135:6:HAL_DMA2D_MspInit	16	static
stm32f7xx_hal_msp.c:160:6:HAL_DMA2D_MspDeInit	0	static
stm32f7xx_hal_msp.c:185:6:HAL_I2C_MspInit	40	static
stm32f7xx_hal_msp.c:221:6:HAL_I2C_MspDeInit	8	static
stm32f7xx_hal_msp.c:252:6:HAL_LTDC_MspInit	64	static
stm32f7xx_hal_msp.c:353:6:HAL_LTDC_MspDeInit	8	static
stm32f7xx_hal_msp.c:422:6:HAL_QSPI_MspInit	64	static
stm32f7xx_hal_msp.c:485:6:HAL_QSPI_MspDeInit	8	static
stm32f7xx_hal_msp.c:522:6:HAL_SD_MspInit	64	static
stm32f7xx_hal_msp.c:617:6:HAL_SD_MspDeInit	8	static
stm32f7xx_hal_msp.c:659:6:HAL_UART_MspInit	40	static
stm32f7xx_hal_msp.c:698:6:HAL_UART_MspDeInit	8	static
stm32f7xx_hal_msp.c:831:6:HAL_SDRAM_MspInit	48	static
stm32f7xx_hal_msp.c:917:6:HAL_SDRAM_MspDeInit	8	static
