stm32f7xx_hal_msp.c:67:6:HAL_MspInit	8	static
stm32f7xx_hal_msp.c:91:6:HAL_CAN_MspInit	40	static
stm32f7xx_hal_msp.c:127:6:HAL_CAN_MspDeInit	0	static
stm32f7xx_hal_msp.c:156:6:HAL_CRC_MspInit	8	static
stm32f7xx_hal_msp.c:178:6:HAL_CRC_MspDeInit	0	static
stm32f7xx_hal_msp.c:200:6:HAL_DMA2D_MspInit	16	static
stm32f7xx_hal_msp.c:225:6:HAL_DMA2D_MspDeInit	0	static
stm32f7xx_hal_msp.c:250:6:HAL_I2C_MspInit	40	static
stm32f7xx_hal_msp.c:286:6:HAL_I2C_MspDeInit	8	static
stm32f7xx_hal_msp.c:317:6:HAL_LTDC_MspInit	64	static
stm32f7xx_hal_msp.c:418:6:HAL_LTDC_MspDeInit	8	static
stm32f7xx_hal_msp.c:487:6:HAL_QSPI_MspInit	64	static
stm32f7xx_hal_msp.c:550:6:HAL_QSPI_MspDeInit	8	static
stm32f7xx_hal_msp.c:587:6:HAL_SD_MspInit	64	static
stm32f7xx_hal_msp.c:682:6:HAL_SD_MspDeInit	8	static
stm32f7xx_hal_msp.c:724:6:HAL_UART_MspInit	64	static
stm32f7xx_hal_msp.c:798:6:HAL_UART_MspDeInit	8	static
stm32f7xx_hal_msp.c:952:6:HAL_SDRAM_MspInit	48	static
stm32f7xx_hal_msp.c:1038:6:HAL_SDRAM_MspDeInit	8	static
