Screen.hpp:104:18:virtual void touchgfx::Screen::afterTransition()	0	static
Screen.hpp:154:18:virtual void touchgfx::Screen::handleKeyEvent(uint8_t)	0	static
Screen2ViewBase.hpp:33:18:virtual void Screen2ViewBase::keyBoardSelected(uint8_t)	0	static
Screen2View.hpp:11:13:Screen2View::~Screen2View()	0	static
Screen2View.cpp:19:6:virtual void Screen2View::tearDownScreen()	0	static
Screen2View.cpp:24:6:virtual void Screen2View::KeyboardSeleted(uint8_t)	0	static
Screen2View.hpp:11:13:virtual Screen2View::~Screen2View()	8	static
Screen2View.cpp:32:6:virtual void Screen2View::handleTickEvent()	24	static
Screen2View.cpp:7:1:Screen2View::Screen2View()	8	static
Screen2View.cpp:59:6:void Screen2View::setID_SettingPage(int, int)	24	static
Screen2View.cpp:88:6:void Screen2View::setPosiText(int)	16	static
Screen2View.cpp:81:6:void Screen2View::setPosi(int)	16	static
Screen2View.cpp:12:6:virtual void Screen2View::setupScreen()	8	static
Screen2View.cpp:74:6:void Screen2View::setChangePosi(int, int, int)	8	static
Screen2View.cpp:95:6:void Screen2View::setPosiProgress(int)	0	static
